client/src/components/OutputPreview.tsx(97,14): error TS18048: 'data.hero' is possibly 'undefined'.
client/src/components/OutputPreview.tsx(100,14): error TS18048: 'data.hero' is possibly 'undefined'.
client/src/components/OutputPreview.tsx(104,16): error TS18048: 'data.hero' is possibly 'undefined'.
client/src/components/OutputPreview.tsx(106,14): error TS18048: 'data.hero' is possibly 'undefined'.
client/src/components/OutputPreview.tsx(108,18): error TS18048: 'data.hero' is possibly 'undefined'.
client/src/components/OutputPreview.tsx(124,14): error TS18048: 'data.services' is possibly 'undefined'.
client/src/components/OutputPreview.tsx(125,52): error TS2538: Type 'undefined' cannot be used as an index type.
client/src/components/OutputPreview.tsx(158,16): error TS18048: 'data.faq' is possibly 'undefined'.
server/replit_integrations/audio/routes.ts(23,27): error TS2345: Argument of type 'string | string[]' is not assignable to parameter of type 'string'.
  Type 'string[]' is not assignable to type 'string'.
server/replit_integrations/audio/routes.ts(51,27): error TS2345: Argument of type 'string | string[]' is not assignable to parameter of type 'string'.
  Type 'string[]' is not assignable to type 'string'.
server/replit_integrations/audio/routes.ts(65,39): error TS2345: Argument of type 'string | string[]' is not assignable to parameter of type 'string'.
  Type 'string[]' is not assignable to type 'string'.
server/replit_integrations/batch/utils.ts(110,30): error TS2339: Property 'AbortError' does not exist on type '<T>(input: (attemptNumber: number) => T | PromiseLike<T>, options?: Options | undefined) => Promise<T>'.
server/replit_integrations/batch/utils.ts(159,32): error TS2339: Property 'AbortError' does not exist on type '<T>(input: (attemptNumber: number) => T | PromiseLike<T>, options?: Options | undefined) => Promise<T>'.
server/replit_integrations/chat/routes.ts(25,27): error TS2345: Argument of type 'string | string[]' is not assignable to parameter of type 'string'.
  Type 'string[]' is not assignable to type 'string'.
server/replit_integrations/chat/routes.ts(53,27): error TS2345: Argument of type 'string | string[]' is not assignable to parameter of type 'string'.
  Type 'string[]' is not assignable to type 'string'.
server/replit_integrations/chat/routes.ts(65,39): error TS2345: Argument of type 'string | string[]' is not assignable to parameter of type 'string'.
  Type 'string[]' is not assignable to type 'string'.
server/replit_integrations/chat/storage.ts(1,20): error TS2307: Cannot find module '../../db' or its corresponding type declarations.
server/replit_integrations/chat/storage.ts(2,10): error TS2305: Module '"@shared/schema"' has no exported member 'conversations'.
server/replit_integrations/chat/storage.ts(2,25): error TS2305: Module '"@shared/schema"' has no exported member 'messages'.
server/replit_integrations/image/client.ts(23,18): error TS18048: 'response.data' is possibly 'undefined'.
server/replit_integrations/image/client.ts(50,23): error TS18048: 'response.data' is possibly 'undefined'.
server/replit_integrations/image/routes.ts(20,25): error TS18048: 'response.data' is possibly 'undefined'.
